• These
AssignInEndOfBlock
    ( Range
        { start = Pos
            { line = 1
            , column = 4
            }
        , end = Pos
            { line = 1
            , column = 13
            }
        }
    )

 └Program
   ├typeDecls: Empty List
   ├letDecls:
   ┆ └List
   ┆   └LetDecl
   ┆     ├declName: (Name "a" 0:4-0:5)
   ┆     ├declArgs: Empty List
   ┆     ├declBody:
   ┆     ┆ └Lit
   ┆     ┆   ├LInt 1:12-1:13 3
   ┆     ┆   └∅
   ┆     ├declRet: Nothing
   ┆     └declExt: ∅
   ├impDecls: Empty List
   └programExt: ∅
