• These
AssignInEndOfBlock
    ( Range
        { start = Pos
            { line = 1
            , column = 4
            }
        , end = Pos
            { line = 1
            , column = 13
            }
        }
    )

 └Program
   ├typeDecls: Empty List
   ├letDecls:
   | └List
   |   └LetDecl
   |     ├declName: (Name: ValName a 0:4-0:5)
   |     ├declArgs: Empty List
   |     ├declBody: (Lit NoExt (LInt 1:12-1:13 3))
   |     ├declRet:
   |     | └TId
   |     |   ├Local:
   |     |   | └Name: TyName Int 0:7-0:10
   |     |   └NoExt
   |     └declExt: NoExt
   ├impDecls: Empty List
   └programExt: NoExt
