• These
{"code":4,"place":"1:4-1:13","title":"You cannot assign a new variable in the end of a block!"}

 └Program
   ├typeDecls: Empty List
   ├letDecls:
   | └List
   |   └LetDecl
   |     ├declName: (Name: ValName a 0:4-0:5)
   |     ├declArgs: Empty List
   |     ├declBody: (Lit NoExt (LInt 1:12-1:13 3))
   |     ├declRet:
   |     | └TId
   |     |   ├Local:
   |     |   | └Name: TyName Int 0:7-0:10
   |     |   └NoExt
   |     └declExt: NoExt
   ├impDecls: Empty List
   └programExt: NoExt
