That ( Program
    { typeDecls = []
    , letDecls =
        [ LetDecl
            { declName = ReId
                { text = "a"
                , range = Range
                    { start = Pos
                        { line = 0
                        , column = 4
                        }
                    , end = Pos
                        { line = 0
                        , column = 5
                        }
                    }
                }
            , declArgs =
                [
                    ( ReId
                        { text = "b"
                        , range = Range
                            { start = Pos
                                { line = 0
                                , column = 7
                                }
                            , end = Pos
                                { line = 0
                                , column = 8
                                }
                            }
                        }
                    , TId
                        ( Path "Prelude"
                            ( ReId
                                { text = "Int"
                                , range = Range
                                    { start = Pos
                                        { line = 0
                                        , column = 10
                                        }
                                    , end = Pos
                                        { line = 0
                                        , column = 13
                                        }
                                    }
                                }
                            )
                            ( Range
                                { start = Pos
                                    { line = 0
                                    , column = 10
                                    }
                                , end = Pos
                                    { line = 0
                                    , column = 13
                                    }
                                }
                            )
                        ) NoExt
                    )
                ,
                    ( ReId
                        { text = "c"
                        , range = Range
                            { start = Pos
                                { line = 0
                                , column = 16
                                }
                            , end = Pos
                                { line = 0
                                , column = 17
                                }
                            }
                        }
                    , TId
                        ( Path "Prelude"
                            ( ReId
                                { text = "Int"
                                , range = Range
                                    { start = Pos
                                        { line = 0
                                        , column = 19
                                        }
                                    , end = Pos
                                        { line = 0
                                        , column = 22
                                        }
                                    }
                                }
                            )
                            ( Range
                                { start = Pos
                                    { line = 0
                                    , column = 19
                                    }
                                , end = Pos
                                    { line = 0
                                    , column = 22
                                    }
                                }
                            )
                        ) NoExt
                    )
                ]
            , declBody = Lower
                ( Local
                    ( ReId
                        { text = "c"
                        , range = Range
                            { start = Pos
                                { line = 0
                                , column = 26
                                }
                            , end = Pos
                                { line = 0
                                , column = 27
                                }
                            }
                        }
                    )
                )
                ( Range
                    { start = Pos
                        { line = 0
                        , column = 26
                        }
                    , end = Pos
                        { line = 0
                        , column = 27
                        }
                    }
                )
            , declRet = Nothing
            , declExt = NoExt
            }
        ]
    , impDecls = []
    , programExt = NoExt
    }
, LocalNS
    { _openedNames = fromList
        [
            ( OccName
                { occName = "Int"
                , kind = TyName
                }
            , Single "Int" "Prelude"
            )
        ,
            ( OccName
                { occName = "String"
                , kind = TyName
                }
            , Single "String" "Prelude"
            )
        ]
    , _localNames = fromList [] :| []
    , _openedModules = fromList []
    , _currentNamespace = NameSpace
        { _modName = "Main"
        , _names = fromList
            [
                ( OccName
                    { occName = "a"
                    , kind = VarName
                    }
                , Public
                )
            ]
        }
    , _newNamespaces = fromList []
    }
)