That Ranged
    { info = TcLet
    , position = Range
        { start = Pos
            { line = 0
            , column = 0
            }
        , end = Pos
            { line = 0
            , column = 3
            }
        }
    }
Ranged
    { info = TcLowerId "a"
    , position = Range
        { start = Pos
            { line = 0
            , column = 4
            }
        , end = Pos
            { line = 0
            , column = 5
            }
        }
    }
Ranged
    { info = TcEqual
    , position = Range
        { start = Pos
            { line = 0
            , column = 6
            }
        , end = Pos
            { line = 0
            , column = 7
            }
        }
    }
Ranged
    { info = TcBegin
    , position = Range
        { start = Pos
            { line = 0
            , column = 8
            }
        , end = Pos
            { line = 0
            , column = 8
            }
        }
    }
Ranged
    { info = TcInt 2
    , position = Range
        { start = Pos
            { line = 0
            , column = 8
            }
        , end = Pos
            { line = 0
            , column = 9
            }
        }
    }
Ranged
    { info = TcEnd
    , position = Range
        { start = Pos
            { line = 0
            , column = 9
            }
        , end = Pos
            { line = 0
            , column = 9
            }
        }
    }
Ranged
    { info = TcEOF
    , position = Range
        { start = Pos
            { line = 0
            , column = 9
            }
        , end = Pos
            { line = 0
            , column = 9
            }
        }
    }
