That Ranged
    { info = TcLet
    , position = Range
        { start = Pos
            { line = 0
            , column = 0
            }
        , end = Pos
            { line = 0
            , column = 3
            }
        }
    }
Ranged
    { info = TcLowerId "a"
    , position = Range
        { start = Pos
            { line = 0
            , column = 4
            }
        , end = Pos
            { line = 0
            , column = 5
            }
        }
    }
Ranged
    { info = TcEqual
    , position = Range
        { start = Pos
            { line = 0
            , column = 6
            }
        , end = Pos
            { line = 0
            , column = 7
            }
        }
    }
Ranged
    { info = TcBegin
    , position = Range
        { start = Pos
            { line = 1
            , column = 4
            }
        , end = Pos
            { line = 1
            , column = 4
            }
        }
    }
Ranged
    { info = TcLowerId "b"
    , position = Range
        { start = Pos
            { line = 1
            , column = 4
            }
        , end = Pos
            { line = 1
            , column = 5
            }
        }
    }
Ranged
    { info = TcSep
    , position = Range
        { start = Pos
            { line = 2
            , column = 4
            }
        , end = Pos
            { line = 2
            , column = 4
            }
        }
    }
Ranged
    { info = TcLowerId "c"
    , position = Range
        { start = Pos
            { line = 2
            , column = 4
            }
        , end = Pos
            { line = 2
            , column = 5
            }
        }
    }
Ranged
    { info = TcSep
    , position = Range
        { start = Pos
            { line = 3
            , column = 4
            }
        , end = Pos
            { line = 3
            , column = 4
            }
        }
    }
Ranged
    { info = TcLowerId "d"
    , position = Range
        { start = Pos
            { line = 3
            , column = 4
            }
        , end = Pos
            { line = 3
            , column = 5
            }
        }
    }
Ranged
    { info = TcEnd
    , position = Range
        { start = Pos
            { line = 3
            , column = 5
            }
        , end = Pos
            { line = 3
            , column = 5
            }
        }
    }
Ranged
    { info = TcEOF
    , position = Range
        { start = Pos
            { line = 3
            , column = 5
            }
        , end = Pos
            { line = 3
            , column = 5
            }
        }
    }
