That Ranged
    { info = TcLowerId "a"
    , position = Range
        { start = Pos
            { line = 0
            , column = 0
            }
        , end = Pos
            { line = 0
            , column = 1
            }
        }
    }
Ranged
    { info = TcLowerId "b"
    , position = Range
        { start = Pos
            { line = 0
            , column = 2
            }
        , end = Pos
            { line = 0
            , column = 3
            }
        }
    }
Ranged
    { info = TcLowerId "c"
    , position = Range
        { start = Pos
            { line = 0
            , column = 4
            }
        , end = Pos
            { line = 0
            , column = 5
            }
        }
    }
Ranged
    { info = TcInt 1
    , position = Range
        { start = Pos
            { line = 0
            , column = 6
            }
        , end = Pos
            { line = 0
            , column = 7
            }
        }
    }
Ranged
    { info = TcInt 2
    , position = Range
        { start = Pos
            { line = 0
            , column = 8
            }
        , end = Pos
            { line = 0
            , column = 9
            }
        }
    }
Ranged
    { info = TcInt 3
    , position = Range
        { start = Pos
            { line = 0
            , column = 10
            }
        , end = Pos
            { line = 0
            , column = 11
            }
        }
    }
Ranged
    { info = TcStr "abc"
    , position = Range
        { start = Pos
            { line = 0
            , column = 12
            }
        , end = Pos
            { line = 0
            , column = 17
            }
        }
    }
Ranged
    { info = TcLowerId "a"
    , position = Range
        { start = Pos
            { line = 0
            , column = 18
            }
        , end = Pos
            { line = 0
            , column = 19
            }
        }
    }
Ranged
    { info = TcLowerId "b"
    , position = Range
        { start = Pos
            { line = 0
            , column = 20
            }
        , end = Pos
            { line = 0
            , column = 21
            }
        }
    }
Ranged
    { info = TcEOF
    , position = Range
        { start = Pos
            { line = 0
            , column = 21
            }
        , end = Pos
            { line = 0
            , column = 21
            }
        }
    }
