That Ranged
    { info = TcType
    , position = Range
        { start = Pos
            { line = 0
            , column = 0
            }
        , end = Pos
            { line = 0
            , column = 4
            }
        }
    }
Ranged
    { info = TcUpperId "Ata"
    , position = Range
        { start = Pos
            { line = 0
            , column = 5
            }
        , end = Pos
            { line = 0
            , column = 8
            }
        }
    }
Ranged
    { info = TcLowerId "a"
    , position = Range
        { start = Pos
            { line = 0
            , column = 9
            }
        , end = Pos
            { line = 0
            , column = 10
            }
        }
    }
Ranged
    { info = TcEqual
    , position = Range
        { start = Pos
            { line = 0
            , column = 11
            }
        , end = Pos
            { line = 0
            , column = 12
            }
        }
    }
Ranged
    { info = TcLBracket
    , position = Range
        { start = Pos
            { line = 0
            , column = 13
            }
        , end = Pos
            { line = 0
            , column = 14
            }
        }
    }
Ranged
    { info = TcLowerId "ata"
    , position = Range
        { start = Pos
            { line = 0
            , column = 15
            }
        , end = Pos
            { line = 0
            , column = 18
            }
        }
    }
Ranged
    { info = TcColon
    , position = Range
        { start = Pos
            { line = 0
            , column = 18
            }
        , end = Pos
            { line = 0
            , column = 19
            }
        }
    }
Ranged
    { info = TcUpperId "Int"
    , position = Range
        { start = Pos
            { line = 0
            , column = 20
            }
        , end = Pos
            { line = 0
            , column = 23
            }
        }
    }
Ranged
    { info = TcRBracket
    , position = Range
        { start = Pos
            { line = 0
            , column = 24
            }
        , end = Pos
            { line = 0
            , column = 25
            }
        }
    }
Ranged
    { info = TcEOF
    , position = Range
        { start = Pos
            { line = 0
            , column = 25
            }
        , end = Pos
            { line = 0
            , column = 25
            }
        }
    }
