✓ That
 └Program
   ├typeDecls: Empty List
   ├letDecls: Empty List
   ├impDecls:
   | └List
   |   ├Import (impExt: NoExt) (modifier: Nothing) (path: (ModName: A.B.C))
   |   ├Import
   |   | ├path: (ModName: A.B.C)
   |   | ├modifier:
   |   | | └Just
   |   | |   └ImpList
   |   | |     └NonEmpty
   |   | |       ├ImportDeps (as: Nothing) (name: (ImpDepLower (Ident: d 1:14-1:15)))
   |   | |       └ImportDeps (as: Nothing) (name: (ImpDepLower (Ident: e 1:17-1:18)))
   |   | └impExt: NoExt
   |   ├Import
   |   | ├path: (ModName: A.B.C)
   |   | ├modifier: (Just (ImpAs (Ident: E 2:16-2:17)))
   |   | └impExt: NoExt
   |   └Import
   |     ├path: (ModName: A.B.C)
   |     ├modifier:
   |     | └Just
   |     |   └ImpList
   |     |     └NonEmpty
   |     |       ├ImportDeps
   |     |       | ├name: (ImpDepLower (Ident: d 4:14-4:15))
   |     |       | └as: (Just (Ident: d 4:19-4:20))
   |     |       └ImportDeps
   |     |         ├name: (ImpDepLower (Ident: e 4:22-4:23))
   |     |         └as: (Just (Ident: e 4:27-4:28))
   |     └impExt: NoExt
   └programExt: NoExt
