✓ That
 └Program
   ├typeDecls: Empty List
   ├letDecls:
   | └List
   |   └LetDecl
   |     ├declName: (Name: ValName a 0:4-0:5)
   |     ├declArgs: Empty List
   |     ├declBody: (Lit NoExt (LInt 0:13-0:14 2))
   |     ├declRet:
   |     | └TId
   |     |   ├Local:
   |     |   | └Name: TyName Int 0:7-0:10
   |     |   └NoExt
   |     └declExt: NoExt
   ├impDecls: Empty List
   └programExt: NoExt
