✓ That
 └Program
   ├typeDecls: Empty List
   ├letDecls:
   | └List
   |   └LetDecl
   |     ├declName: (Name "a" 0:4-0:5)
   |     ├declArgs: Empty List
   |     ├declBody: (Lit NoExt (LInt 0:8-0:9 2))
   |     ├declRet: Nothing
   |     └declExt: NoExt
   ├impDecls: Empty List
   └programExt: NoExt
