That Program
    { typeDecls = []
    , letDecls =
        [ LetDecl
            { declName = Name
                { text = "a"
                , range = Range
                    { start = Pos
                        { line = 0
                        , column = 4
                        }
                    , end = Pos
                        { line = 0
                        , column = 5
                        }
                    }
                }
            , declArgs = []
            , declBody = Block
                ( BlBind
                    ( Lam
                        ( PId
                            ( Name
                                { text = "a"
                                , range = Range
                                    { start = Pos
                                        { line = 1
                                        , column = 5
                                        }
                                    , end = Pos
                                        { line = 1
                                        , column = 6
                                        }
                                    }
                                }
                            ) NoExt
                        )
                        ( Lower
                            ( Path
                                { mod = []
                                , last = Name
                                    { text = "b"
                                    , range = Range
                                        { start = Pos
                                            { line = 1
                                            , column = 10
                                            }
                                        , end = Pos
                                            { line = 1
                                            , column = 11
                                            }
                                        }
                                    }
                                , range = Range
                                    { start = Pos
                                        { line = 1
                                        , column = 10
                                        }
                                    , end = Pos
                                        { line = 1
                                        , column = 11
                                        }
                                    }
                                }
                            )
                            ( Range
                                { start = Pos
                                    { line = 1
                                    , column = 10
                                    }
                                , end = Pos
                                    { line = 1
                                    , column = 11
                                    }
                                }
                            )
                        )
                        ( Range
                            { start = Pos
                                { line = 1
                                , column = 4
                                }
                            , end = Pos
                                { line = 1
                                , column = 11
                                }
                            }
                        )
                    )
                    ( BlBind
                        ( Lam
                            ( PId
                                ( Name
                                    { text = "b"
                                    , range = Range
                                        { start = Pos
                                            { line = 2
                                            , column = 5
                                            }
                                        , end = Pos
                                            { line = 2
                                            , column = 6
                                            }
                                        }
                                    }
                                ) NoExt
                            )
                            ( Lower
                                ( Path
                                    { mod = []
                                    , last = Name
                                        { text = "c"
                                        , range = Range
                                            { start = Pos
                                                { line = 2
                                                , column = 10
                                                }
                                            , end = Pos
                                                { line = 2
                                                , column = 11
                                                }
                                            }
                                        }
                                    , range = Range
                                        { start = Pos
                                            { line = 2
                                            , column = 10
                                            }
                                        , end = Pos
                                            { line = 2
                                            , column = 11
                                            }
                                        }
                                    }
                                )
                                ( Range
                                    { start = Pos
                                        { line = 2
                                        , column = 10
                                        }
                                    , end = Pos
                                        { line = 2
                                        , column = 11
                                        }
                                    }
                                )
                            )
                            ( Range
                                { start = Pos
                                    { line = 2
                                    , column = 4
                                    }
                                , end = Pos
                                    { line = 2
                                    , column = 11
                                    }
                                }
                            )
                        )
                        ( BlEnd
                            ( Lam
                                ( PId
                                    ( Name
                                        { text = "d"
                                        , range = Range
                                            { start = Pos
                                                { line = 3
                                                , column = 5
                                                }
                                            , end = Pos
                                                { line = 3
                                                , column = 6
                                                }
                                            }
                                        }
                                    ) NoExt
                                )
                                ( Block
                                    ( BlBind
                                        ( Lower
                                            ( Path
                                                { mod = []
                                                , last = Name
                                                    { text = "e"
                                                    , range = Range
                                                        { start = Pos
                                                            { line = 3
                                                            , column = 10
                                                            }
                                                        , end = Pos
                                                            { line = 3
                                                            , column = 11
                                                            }
                                                        }
                                                    }
                                                , range = Range
                                                    { start = Pos
                                                        { line = 3
                                                        , column = 10
                                                        }
                                                    , end = Pos
                                                        { line = 3
                                                        , column = 11
                                                        }
                                                    }
                                                }
                                            )
                                            ( Range
                                                { start = Pos
                                                    { line = 3
                                                    , column = 10
                                                    }
                                                , end = Pos
                                                    { line = 3
                                                    , column = 11
                                                    }
                                                }
                                            )
                                        )
                                        ( BlBind
                                            ( Lower
                                                ( Path
                                                    { mod = []
                                                    , last = Name
                                                        { text = "f"
                                                        , range = Range
                                                            { start = Pos
                                                                { line = 4
                                                                , column = 10
                                                                }
                                                            , end = Pos
                                                                { line = 4
                                                                , column = 11
                                                                }
                                                            }
                                                        }
                                                    , range = Range
                                                        { start = Pos
                                                            { line = 4
                                                            , column = 10
                                                            }
                                                        , end = Pos
                                                            { line = 4
                                                            , column = 11
                                                            }
                                                        }
                                                    }
                                                )
                                                ( Range
                                                    { start = Pos
                                                        { line = 4
                                                        , column = 10
                                                        }
                                                    , end = Pos
                                                        { line = 4
                                                        , column = 11
                                                        }
                                                    }
                                                )
                                            )
                                            ( BlEnd
                                                ( Lower
                                                    ( Path
                                                        { mod = []
                                                        , last = Name
                                                            { text = "g"
                                                            , range = Range
                                                                { start = Pos
                                                                    { line = 5
                                                                    , column = 10
                                                                    }
                                                                , end = Pos
                                                                    { line = 5
                                                                    , column = 11
                                                                    }
                                                                }
                                                            }
                                                        , range = Range
                                                            { start = Pos
                                                                { line = 5
                                                                , column = 10
                                                                }
                                                            , end = Pos
                                                                { line = 5
                                                                , column = 11
                                                                }
                                                            }
                                                        }
                                                    )
                                                    ( Range
                                                        { start = Pos
                                                            { line = 5
                                                            , column = 10
                                                            }
                                                        , end = Pos
                                                            { line = 5
                                                            , column = 11
                                                            }
                                                        }
                                                    )
                                                )
                                            )
                                        )
                                    )
                                    ( Range
                                        { start = Pos
                                            { line = 3
                                            , column = 10
                                            }
                                        , end = Pos
                                            { line = 5
                                            , column = 11
                                            }
                                        }
                                    )
                                )
                                ( Range
                                    { start = Pos
                                        { line = 3
                                        , column = 4
                                        }
                                    , end = Pos
                                        { line = 5
                                        , column = 11
                                        }
                                    }
                                )
                            )
                        )
                    )
                )
                ( Range
                    { start = Pos
                        { line = 1
                        , column = 4
                        }
                    , end = Pos
                        { line = 5
                        , column = 11
                        }
                    }
                )
            , declRet = Nothing
            , declExt = NoExt
            }
        ]
    , impDecls = []
    , programExt = NoExt
    }