These UnexpectedStr
    ( Range
        { start = Pos
            { line = 18
            , column = 11
            }
        , end = Pos
            { line = 18
            , column = 12
            }
        }
    )
UnexpectedStr
    ( Range
        { start = Pos
            { line = 28
            , column = 13
            }
        , end = Pos
            { line = 28
            , column = 14
            }
        }
    )

Program
    { typeDecls =
        [ TypeDecl
            { tyName = Name
                { text = "Range"
                , ext = Range
                    { start = Pos
                        { line = 0
                        , column = 5
                        }
                    , end = Pos
                        { line = 0
                        , column = 10
                        }
                    }
                }
            , tyArgs = []
            , tyDecl = TypeProd
                [
                    ( Name
                        { text = "line"
                        , ext = Range
                            { start = Pos
                                { line = 0
                                , column = 15
                                }
                            , end = Pos
                                { line = 0
                                , column = 19
                                }
                            }
                        }
                    , TId
                        ( Path []
                            ( Name
                                { text = "Int"
                                , ext = Range
                                    { start = Pos
                                        { line = 0
                                        , column = 21
                                        }
                                    , end = Pos
                                        { line = 0
                                        , column = 24
                                        }
                                    }
                                }
                            )
                            ( Range
                                { start = Pos
                                    { line = 0
                                    , column = 21
                                    }
                                , end = Pos
                                    { line = 0
                                    , column = 24
                                    }
                                }
                            )
                        ) NoExt
                    )
                ]
            }
        , TypeDecl
            { tyName = Name
                { text = "Hole"
                , ext = Range
                    { start = Pos
                        { line = 2
                        , column = 5
                        }
                    , end = Pos
                        { line = 2
                        , column = 9
                        }
                    }
                }
            , tyArgs = []
            , tyDecl = TypeSum
                (
                    ( Name
                        { text = "Filled"
                        , ext = Range
                            { start = Pos
                                { line = 3
                                , column = 4
                                }
                            , end = Pos
                                { line = 3
                                , column = 10
                                }
                            }
                        }
                    ,
                        [ TId
                            ( Path []
                                ( Name
                                    { text = "Range"
                                    , ext = Range
                                        { start = Pos
                                            { line = 3
                                            , column = 11
                                            }
                                        , end = Pos
                                            { line = 3
                                            , column = 16
                                            }
                                        }
                                    }
                                )
                                ( Range
                                    { start = Pos
                                        { line = 3
                                        , column = 11
                                        }
                                    , end = Pos
                                        { line = 3
                                        , column = 16
                                        }
                                    }
                                )
                            ) NoExt
                        ]
                    ) :|
                    [
                        ( Name
                            { text = "Empty"
                            , ext = Range
                                { start = Pos
                                    { line = 4
                                    , column = 4
                                    }
                                , end = Pos
                                    { line = 4
                                    , column = 9
                                    }
                                }
                            }
                        , []
                        )
                    ]
                )
            }
        ]
    , letDecls =
        [ LetDecl
            { declName = Name
                { text = "isEmpty?"
                , ext = Range
                    { start = Pos
                        { line = 7
                        , column = 4
                        }
                    , end = Pos
                        { line = 7
                        , column = 12
                        }
                    }
                }
            , declArgs =
                [
                    ( Name
                        { text = "hole"
                        , ext = Range
                            { start = Pos
                                { line = 7
                                , column = 14
                                }
                            , end = Pos
                                { line = 7
                                , column = 18
                                }
                            }
                        }
                    , TId
                        ( Path []
                            ( Name
                                { text = "Hole"
                                , ext = Range
                                    { start = Pos
                                        { line = 7
                                        , column = 20
                                        }
                                    , end = Pos
                                        { line = 7
                                        , column = 24
                                        }
                                    }
                                }
                            )
                            ( Range
                                { start = Pos
                                    { line = 7
                                    , column = 20
                                    }
                                , end = Pos
                                    { line = 7
                                    , column = 24
                                    }
                                }
                            )
                        ) NoExt
                    )
                ]
            , declBody = Match
                ( Lower
                    ( Path []
                        ( Name
                            { text = "hole"
                            , ext = Range
                                { start = Pos
                                    { line = 8
                                    , column = 8
                                    }
                                , end = Pos
                                    { line = 8
                                    , column = 12
                                    }
                                }
                            }
                        )
                        ( Range
                            { start = Pos
                                { line = 8
                                , column = 8
                                }
                            , end = Pos
                                { line = 8
                                , column = 12
                                }
                            }
                        )
                    )
                    ( Range
                        { start = Pos
                            { line = 8
                            , column = 8
                            }
                        , end = Pos
                            { line = 8
                            , column = 12
                            }
                        }
                    )
                )
                (
                    ( PCons
                        ( Path []
                            ( Name
                                { text = "Filled"
                                , ext = Range
                                    { start = Pos
                                        { line = 9
                                        , column = 4
                                        }
                                    , end = Pos
                                        { line = 9
                                        , column = 10
                                        }
                                    }
                                }
                            )
                            ( Range
                                { start = Pos
                                    { line = 9
                                    , column = 4
                                    }
                                , end = Pos
                                    { line = 9
                                    , column = 10
                                    }
                                }
                            )
                        )
                        [ PId
                            ( Name
                                { text = "range"
                                , ext = Range
                                    { start = Pos
                                        { line = 9
                                        , column = 11
                                        }
                                    , end = Pos
                                        { line = 9
                                        , column = 16
                                        }
                                    }
                                }
                            ) NoExt
                        ]
                        ( Range
                            { start = Pos
                                { line = 9
                                , column = 4
                                }
                            , end = Pos
                                { line = 9
                                , column = 16
                                }
                            }
                        )
                    , Upper
                        ( Path []
                            ( Name
                                { text = "False"
                                , ext = Range
                                    { start = Pos
                                        { line = 9
                                        , column = 20
                                        }
                                    , end = Pos
                                        { line = 9
                                        , column = 25
                                        }
                                    }
                                }
                            )
                            ( Range
                                { start = Pos
                                    { line = 9
                                    , column = 20
                                    }
                                , end = Pos
                                    { line = 9
                                    , column = 25
                                    }
                                }
                            )
                        )
                        ( Range
                            { start = Pos
                                { line = 9
                                , column = 20
                                }
                            , end = Pos
                                { line = 9
                                , column = 25
                                }
                            }
                        )
                    ) :|
                    [
                        ( PCons
                            ( Path []
                                ( Name
                                    { text = "Empty"
                                    , ext = Range
                                        { start = Pos
                                            { line = 10
                                            , column = 4
                                            }
                                        , end = Pos
                                            { line = 10
                                            , column = 9
                                            }
                                        }
                                    }
                                )
                                ( Range
                                    { start = Pos
                                        { line = 10
                                        , column = 4
                                        }
                                    , end = Pos
                                        { line = 10
                                        , column = 9
                                        }
                                    }
                                )
                            ) []
                            ( Range
                                { start = Pos
                                    { line = 10
                                    , column = 4
                                    }
                                , end = Pos
                                    { line = 10
                                    , column = 9
                                    }
                                }
                            )
                        , Upper
                            ( Path []
                                ( Name
                                    { text = "True"
                                    , ext = Range
                                        { start = Pos
                                            { line = 10
                                            , column = 20
                                            }
                                        , end = Pos
                                            { line = 10
                                            , column = 24
                                            }
                                        }
                                    }
                                )
                                ( Range
                                    { start = Pos
                                        { line = 10
                                        , column = 20
                                        }
                                    , end = Pos
                                        { line = 10
                                        , column = 24
                                        }
                                    }
                                )
                            )
                            ( Range
                                { start = Pos
                                    { line = 10
                                    , column = 20
                                    }
                                , end = Pos
                                    { line = 10
                                    , column = 24
                                    }
                                }
                            )
                        )
                    ]
                )
                ( Range
                    { start = Pos
                        { line = 8
                        , column = 2
                        }
                    , end = Pos
                        { line = 10
                        , column = 24
                        }
                    }
                )
            , declRet = Just
                ( TId
                    ( Path []
                        ( Name
                            { text = "Bool"
                            , ext = Range
                                { start = Pos
                                    { line = 7
                                    , column = 27
                                    }
                                , end = Pos
                                    { line = 7
                                    , column = 31
                                    }
                                }
                            }
                        )
                        ( Range
                            { start = Pos
                                { line = 7
                                , column = 27
                                }
                            , end = Pos
                                { line = 7
                                , column = 31
                                }
                            }
                        )
                    ) NoExt
                )
            , declExt = NoExt
            }
        , LetDecl
            { declName = Name
                { text = "isEmpty?"
                , ext = Range
                    { start = Pos
                        { line = 13
                        , column = 4
                        }
                    , end = Pos
                        { line = 13
                        , column = 12
                        }
                    }
                }
            , declArgs = []
            , declBody = Match
                ( Lower
                    ( Path []
                        ( Name
                            { text = "hole"
                            , ext = Range
                                { start = Pos
                                    { line = 14
                                    , column = 8
                                    }
                                , end = Pos
                                    { line = 14
                                    , column = 12
                                    }
                                }
                            }
                        )
                        ( Range
                            { start = Pos
                                { line = 14
                                , column = 8
                                }
                            , end = Pos
                                { line = 14
                                , column = 12
                                }
                            }
                        )
                    )
                    ( Range
                        { start = Pos
                            { line = 14
                            , column = 8
                            }
                        , end = Pos
                            { line = 14
                            , column = 12
                            }
                        }
                    )
                )
                (
                    ( PCons
                        ( Path []
                            ( Name
                                { text = "Filled"
                                , ext = Range
                                    { start = Pos
                                        { line = 15
                                        , column = 4
                                        }
                                    , end = Pos
                                        { line = 15
                                        , column = 10
                                        }
                                    }
                                }
                            )
                            ( Range
                                { start = Pos
                                    { line = 15
                                    , column = 4
                                    }
                                , end = Pos
                                    { line = 15
                                    , column = 10
                                    }
                                }
                            )
                        )
                        [ PId
                            ( Name
                                { text = "range"
                                , ext = Range
                                    { start = Pos
                                        { line = 15
                                        , column = 11
                                        }
                                    , end = Pos
                                        { line = 15
                                        , column = 16
                                        }
                                    }
                                }
                            ) NoExt
                        ]
                        ( Range
                            { start = Pos
                                { line = 15
                                , column = 4
                                }
                            , end = Pos
                                { line = 15
                                , column = 16
                                }
                            }
                        )
                    , Upper
                        ( Path []
                            ( Name
                                { text = "False"
                                , ext = Range
                                    { start = Pos
                                        { line = 15
                                        , column = 20
                                        }
                                    , end = Pos
                                        { line = 15
                                        , column = 25
                                        }
                                    }
                                }
                            )
                            ( Range
                                { start = Pos
                                    { line = 15
                                    , column = 20
                                    }
                                , end = Pos
                                    { line = 15
                                    , column = 25
                                    }
                                }
                            )
                        )
                        ( Range
                            { start = Pos
                                { line = 15
                                , column = 20
                                }
                            , end = Pos
                                { line = 15
                                , column = 25
                                }
                            }
                        )
                    ) :|
                    [
                        ( PCons
                            ( Path []
                                ( Name
                                    { text = "Empty"
                                    , ext = Range
                                        { start = Pos
                                            { line = 16
                                            , column = 4
                                            }
                                        , end = Pos
                                            { line = 16
                                            , column = 9
                                            }
                                        }
                                    }
                                )
                                ( Range
                                    { start = Pos
                                        { line = 16
                                        , column = 4
                                        }
                                    , end = Pos
                                        { line = 16
                                        , column = 9
                                        }
                                    }
                                )
                            ) []
                            ( Range
                                { start = Pos
                                    { line = 16
                                    , column = 4
                                    }
                                , end = Pos
                                    { line = 16
                                    , column = 9
                                    }
                                }
                            )
                        , Upper
                            ( Path []
                                ( Name
                                    { text = "True"
                                    , ext = Range
                                        { start = Pos
                                            { line = 16
                                            , column = 20
                                            }
                                        , end = Pos
                                            { line = 16
                                            , column = 24
                                            }
                                        }
                                    }
                                )
                                ( Range
                                    { start = Pos
                                        { line = 16
                                        , column = 20
                                        }
                                    , end = Pos
                                        { line = 16
                                        , column = 24
                                        }
                                    }
                                )
                            )
                            ( Range
                                { start = Pos
                                    { line = 16
                                    , column = 20
                                    }
                                , end = Pos
                                    { line = 16
                                    , column = 24
                                    }
                                }
                            )
                        )
                    ]
                )
                ( Range
                    { start = Pos
                        { line = 14
                        , column = 2
                        }
                    , end = Pos
                        { line = 16
                        , column = 24
                        }
                    }
                )
            , declRet = Just
                ( TArrow
                    ( TId
                        ( Path []
                            ( Name
                                { text = "Hole"
                                , ext = Range
                                    { start = Pos
                                        { line = 13
                                        , column = 15
                                        }
                                    , end = Pos
                                        { line = 13
                                        , column = 19
                                        }
                                    }
                                }
                            )
                            ( Range
                                { start = Pos
                                    { line = 13
                                    , column = 15
                                    }
                                , end = Pos
                                    { line = 13
                                    , column = 19
                                    }
                                }
                            )
                        ) NoExt
                    )
                    ( TId
                        ( Path []
                            ( Name
                                { text = "Bool"
                                , ext = Range
                                    { start = Pos
                                        { line = 13
                                        , column = 23
                                        }
                                    , end = Pos
                                        { line = 13
                                        , column = 27
                                        }
                                    }
                                }
                            )
                            ( Range
                                { start = Pos
                                    { line = 13
                                    , column = 23
                                    }
                                , end = Pos
                                    { line = 13
                                    , column = 27
                                    }
                                }
                            )
                        ) NoExt
                    )
                    ( Range
                        { start = Pos
                            { line = 13
                            , column = 15
                            }
                        , end = Pos
                            { line = 13
                            , column = 27
                            }
                        }
                    )
                )
            , declExt = NoExt
            }
        , LetDecl
            { declName = Name
                { text = "isEmpty"
                , ext = Range
                    { start = Pos
                        { line = 18
                        , column = 4
                        }
                    , end = Pos
                        { line = 18
                        , column = 11
                        }
                    }
                }
            , declArgs =
                [
                    ( Name
                        { text = "hole"
                        , ext = Range
                            { start = Pos
                                { line = 18
                                , column = 14
                                }
                            , end = Pos
                                { line = 18
                                , column = 18
                                }
                            }
                        }
                    , TId
                        ( Path []
                            ( Name
                                { text = "Hole"
                                , ext = Range
                                    { start = Pos
                                        { line = 18
                                        , column = 20
                                        }
                                    , end = Pos
                                        { line = 18
                                        , column = 24
                                        }
                                    }
                                }
                            )
                            ( Range
                                { start = Pos
                                    { line = 18
                                    , column = 20
                                    }
                                , end = Pos
                                    { line = 18
                                    , column = 24
                                    }
                                }
                            )
                        ) NoExt
                    )
                ]
            , declBody = If
                ( App
                    ( Lower
                        ( Path []
                            ( Name
                                { text = "isEmpty?"
                                , ext = Range
                                    { start = Pos
                                        { line = 19
                                        , column = 5
                                        }
                                    , end = Pos
                                        { line = 19
                                        , column = 13
                                        }
                                    }
                                }
                            )
                            ( Range
                                { start = Pos
                                    { line = 19
                                    , column = 5
                                    }
                                , end = Pos
                                    { line = 19
                                    , column = 13
                                    }
                                }
                            )
                        )
                        ( Range
                            { start = Pos
                                { line = 19
                                , column = 5
                                }
                            , end = Pos
                                { line = 19
                                , column = 13
                                }
                            }
                        )
                    )
                    ( Lower
                        ( Path []
                            ( Name
                                { text = "hole"
                                , ext = Range
                                    { start = Pos
                                        { line = 19
                                        , column = 14
                                        }
                                    , end = Pos
                                        { line = 19
                                        , column = 18
                                        }
                                    }
                                }
                            )
                            ( Range
                                { start = Pos
                                    { line = 19
                                    , column = 14
                                    }
                                , end = Pos
                                    { line = 19
                                    , column = 18
                                    }
                                }
                            )
                        )
                        ( Range
                            { start = Pos
                                { line = 19
                                , column = 14
                                }
                            , end = Pos
                                { line = 19
                                , column = 18
                                }
                            }
                        ) :| []
                    )
                    ( Range
                        { start = Pos
                            { line = 19
                            , column = 5
                            }
                        , end = Pos
                            { line = 19
                            , column = 18
                            }
                        }
                    )
                )
                ( App
                    ( Lower
                        ( Path []
                            ( Name
                                { text = "print"
                                , ext = Range
                                    { start = Pos
                                        { line = 20
                                        , column = 9
                                        }
                                    , end = Pos
                                        { line = 20
                                        , column = 14
                                        }
                                    }
                                }
                            )
                            ( Range
                                { start = Pos
                                    { line = 20
                                    , column = 9
                                    }
                                , end = Pos
                                    { line = 20
                                    , column = 14
                                    }
                                }
                            )
                        )
                        ( Range
                            { start = Pos
                                { line = 20
                                , column = 9
                                }
                            , end = Pos
                                { line = 20
                                , column = 14
                                }
                            }
                        )
                    )
                    ( Lit
                        ( LStr "It's empty!!"
                            ( Range
                                { start = Pos
                                    { line = 20
                                    , column = 15
                                    }
                                , end = Pos
                                    { line = 20
                                    , column = 29
                                    }
                                }
                            )
                        ) NoExt :| []
                    )
                    ( Range
                        { start = Pos
                            { line = 20
                            , column = 9
                            }
                        , end = Pos
                            { line = 20
                            , column = 29
                            }
                        }
                    )
                )
                ( Just
                    ( App
                        ( Lower
                            ( Path []
                                ( Name
                                    { text = "print"
                                    , ext = Range
                                        { start = Pos
                                            { line = 21
                                            , column = 9
                                            }
                                        , end = Pos
                                            { line = 21
                                            , column = 14
                                            }
                                        }
                                    }
                                )
                                ( Range
                                    { start = Pos
                                        { line = 21
                                        , column = 9
                                        }
                                    , end = Pos
                                        { line = 21
                                        , column = 14
                                        }
                                    }
                                )
                            )
                            ( Range
                                { start = Pos
                                    { line = 21
                                    , column = 9
                                    }
                                , end = Pos
                                    { line = 21
                                    , column = 14
                                    }
                                }
                            )
                        )
                        ( Lit
                            ( LStr "Is's not empty.'"
                                ( Range
                                    { start = Pos
                                        { line = 21
                                        , column = 15
                                        }
                                    , end = Pos
                                        { line = 21
                                        , column = 33
                                        }
                                    }
                                )
                            ) NoExt :| []
                        )
                        ( Range
                            { start = Pos
                                { line = 21
                                , column = 9
                                }
                            , end = Pos
                                { line = 21
                                , column = 33
                                }
                            }
                        )
                    )
                )
                ( Range
                    { start = Pos
                        { line = 19
                        , column = 2
                        }
                    , end = Pos
                        { line = 21
                        , column = 33
                        }
                    }
                )
            , declRet = Just
                ( TId
                    ( Path []
                        ( Name
                            { text = "Unit"
                            , ext = Range
                                { start = Pos
                                    { line = 18
                                    , column = 27
                                    }
                                , end = Pos
                                    { line = 18
                                    , column = 31
                                    }
                                }
                            }
                        )
                        ( Range
                            { start = Pos
                                { line = 18
                                , column = 27
                                }
                            , end = Pos
                                { line = 18
                                , column = 31
                                }
                            }
                        )
                    ) NoExt
                )
            , declExt = NoExt
            }
        , LetDecl
            { declName = Name
                { text = "getLineOr"
                , ext = Range
                    { start = Pos
                        { line = 23
                        , column = 4
                        }
                    , end = Pos
                        { line = 23
                        , column = 13
                        }
                    }
                }
            , declArgs =
                [
                    ( Name
                        { text = "hole"
                        , ext = Range
                            { start = Pos
                                { line = 23
                                , column = 15
                                }
                            , end = Pos
                                { line = 23
                                , column = 19
                                }
                            }
                        }
                    , TId
                        ( Path []
                            ( Name
                                { text = "Hole"
                                , ext = Range
                                    { start = Pos
                                        { line = 23
                                        , column = 21
                                        }
                                    , end = Pos
                                        { line = 23
                                        , column = 25
                                        }
                                    }
                                }
                            )
                            ( Range
                                { start = Pos
                                    { line = 23
                                    , column = 21
                                    }
                                , end = Pos
                                    { line = 23
                                    , column = 25
                                    }
                                }
                            )
                        ) NoExt
                    )
                ,
                    ( Name
                        { text = "alt"
                        , ext = Range
                            { start = Pos
                                { line = 23
                                , column = 28
                                }
                            , end = Pos
                                { line = 23
                                , column = 31
                                }
                            }
                        }
                    , TId
                        ( Path []
                            ( Name
                                { text = "Int"
                                , ext = Range
                                    { start = Pos
                                        { line = 23
                                        , column = 33
                                        }
                                    , end = Pos
                                        { line = 23
                                        , column = 36
                                        }
                                    }
                                }
                            )
                            ( Range
                                { start = Pos
                                    { line = 23
                                    , column = 33
                                    }
                                , end = Pos
                                    { line = 23
                                    , column = 36
                                    }
                                }
                            )
                        ) NoExt
                    )
                ]
            , declBody = Match
                ( Lower
                    ( Path []
                        ( Name
                            { text = "hole"
                            , ext = Range
                                { start = Pos
                                    { line = 24
                                    , column = 8
                                    }
                                , end = Pos
                                    { line = 24
                                    , column = 12
                                    }
                                }
                            }
                        )
                        ( Range
                            { start = Pos
                                { line = 24
                                , column = 8
                                }
                            , end = Pos
                                { line = 24
                                , column = 12
                                }
                            }
                        )
                    )
                    ( Range
                        { start = Pos
                            { line = 24
                            , column = 8
                            }
                        , end = Pos
                            { line = 24
                            , column = 12
                            }
                        }
                    )
                )
                (
                    ( PCons
                        ( Path []
                            ( Name
                                { text = "Filled"
                                , ext = Range
                                    { start = Pos
                                        { line = 25
                                        , column = 4
                                        }
                                    , end = Pos
                                        { line = 25
                                        , column = 10
                                        }
                                    }
                                }
                            )
                            ( Range
                                { start = Pos
                                    { line = 25
                                    , column = 4
                                    }
                                , end = Pos
                                    { line = 25
                                    , column = 10
                                    }
                                }
                            )
                        )
                        [ PId
                            ( Name
                                { text = "range"
                                , ext = Range
                                    { start = Pos
                                        { line = 25
                                        , column = 11
                                        }
                                    , end = Pos
                                        { line = 25
                                        , column = 16
                                        }
                                    }
                                }
                            ) NoExt
                        ]
                        ( Range
                            { start = Pos
                                { line = 25
                                , column = 4
                                }
                            , end = Pos
                                { line = 25
                                , column = 16
                                }
                            }
                        )
                    , Field
                        ( Lower
                            ( Path []
                                ( Name
                                    { text = "range"
                                    , ext = Range
                                        { start = Pos
                                            { line = 25
                                            , column = 20
                                            }
                                        , end = Pos
                                            { line = 25
                                            , column = 25
                                            }
                                        }
                                    }
                                )
                                ( Range
                                    { start = Pos
                                        { line = 25
                                        , column = 20
                                        }
                                    , end = Pos
                                        { line = 25
                                        , column = 25
                                        }
                                    }
                                )
                            )
                            ( Range
                                { start = Pos
                                    { line = 25
                                    , column = 20
                                    }
                                , end = Pos
                                    { line = 25
                                    , column = 25
                                    }
                                }
                            )
                        )
                        ( Name
                            { text = "line"
                            , ext = Range
                                { start = Pos
                                    { line = 25
                                    , column = 26
                                    }
                                , end = Pos
                                    { line = 25
                                    , column = 30
                                    }
                                }
                            }
                        )
                        ( Range
                            { start = Pos
                                { line = 25
                                , column = 26
                                }
                            , end = Pos
                                { line = 25
                                , column = 30
                                }
                            }
                        )
                    ) :|
                    [
                        ( PCons
                            ( Path []
                                ( Name
                                    { text = "Empty"
                                    , ext = Range
                                        { start = Pos
                                            { line = 26
                                            , column = 4
                                            }
                                        , end = Pos
                                            { line = 26
                                            , column = 9
                                            }
                                        }
                                    }
                                )
                                ( Range
                                    { start = Pos
                                        { line = 26
                                        , column = 4
                                        }
                                    , end = Pos
                                        { line = 26
                                        , column = 9
                                        }
                                    }
                                )
                            ) []
                            ( Range
                                { start = Pos
                                    { line = 26
                                    , column = 4
                                    }
                                , end = Pos
                                    { line = 26
                                    , column = 9
                                    }
                                }
                            )
                        , Lower
                            ( Path []
                                ( Name
                                    { text = "alt"
                                    , ext = Range
                                        { start = Pos
                                            { line = 26
                                            , column = 20
                                            }
                                        , end = Pos
                                            { line = 26
                                            , column = 23
                                            }
                                        }
                                    }
                                )
                                ( Range
                                    { start = Pos
                                        { line = 26
                                        , column = 20
                                        }
                                    , end = Pos
                                        { line = 26
                                        , column = 23
                                        }
                                    }
                                )
                            )
                            ( Range
                                { start = Pos
                                    { line = 26
                                    , column = 20
                                    }
                                , end = Pos
                                    { line = 26
                                    , column = 23
                                    }
                                }
                            )
                        )
                    ]
                )
                ( Range
                    { start = Pos
                        { line = 24
                        , column = 2
                        }
                    , end = Pos
                        { line = 26
                        , column = 23
                        }
                    }
                )
            , declRet = Just
                ( TId
                    ( Path []
                        ( Name
                            { text = "Int"
                            , ext = Range
                                { start = Pos
                                    { line = 23
                                    , column = 39
                                    }
                                , end = Pos
                                    { line = 23
                                    , column = 42
                                    }
                                }
                            }
                        )
                        ( Range
                            { start = Pos
                                { line = 23
                                , column = 39
                                }
                            , end = Pos
                                { line = 23
                                , column = 42
                                }
                            }
                        )
                    ) NoExt
                )
            , declExt = NoExt
            }
        , LetDecl
            { declName = Name
                { text = "sequenced"
                , ext = Range
                    { start = Pos
                        { line = 28
                        , column = 4
                        }
                    , end = Pos
                        { line = 28
                        , column = 13
                        }
                    }
                }
            , declArgs = []
            , declBody = Block
                ( BlBind
                    ( App
                        ( Lower
                            ( Path []
                                ( Name
                                    { text = "print"
                                    , ext = Range
                                        { start = Pos
                                            { line = 29
                                            , column = 2
                                            }
                                        , end = Pos
                                            { line = 29
                                            , column = 7
                                            }
                                        }
                                    }
                                )
                                ( Range
                                    { start = Pos
                                        { line = 29
                                        , column = 2
                                        }
                                    , end = Pos
                                        { line = 29
                                        , column = 7
                                        }
                                    }
                                )
                            )
                            ( Range
                                { start = Pos
                                    { line = 29
                                    , column = 2
                                    }
                                , end = Pos
                                    { line = 29
                                    , column = 7
                                    }
                                }
                            )
                        )
                        ( Lit
                            ( LStr "a"
                                ( Range
                                    { start = Pos
                                        { line = 29
                                        , column = 8
                                        }
                                    , end = Pos
                                        { line = 29
                                        , column = 11
                                        }
                                    }
                                )
                            ) NoExt :| []
                        )
                        ( Range
                            { start = Pos
                                { line = 29
                                , column = 2
                                }
                            , end = Pos
                                { line = 29
                                , column = 11
                                }
                            }
                        )
                    )
                    ( BlBind
                        ( App
                            ( Lower
                                ( Path []
                                    ( Name
                                        { text = "print"
                                        , ext = Range
                                            { start = Pos
                                                { line = 30
                                                , column = 2
                                                }
                                            , end = Pos
                                                { line = 30
                                                , column = 7
                                                }
                                            }
                                        }
                                    )
                                    ( Range
                                        { start = Pos
                                            { line = 30
                                            , column = 2
                                            }
                                        , end = Pos
                                            { line = 30
                                            , column = 7
                                            }
                                        }
                                    )
                                )
                                ( Range
                                    { start = Pos
                                        { line = 30
                                        , column = 2
                                        }
                                    , end = Pos
                                        { line = 30
                                        , column = 7
                                        }
                                    }
                                )
                            )
                            ( Lit
                                ( LStr "b"
                                    ( Range
                                        { start = Pos
                                            { line = 30
                                            , column = 8
                                            }
                                        , end = Pos
                                            { line = 30
                                            , column = 11
                                            }
                                        }
                                    )
                                ) NoExt :| []
                            )
                            ( Range
                                { start = Pos
                                    { line = 30
                                    , column = 2
                                    }
                                , end = Pos
                                    { line = 30
                                    , column = 11
                                    }
                                }
                            )
                        )
                        ( BlEnd
                            ( App
                                ( Lower
                                    ( Path []
                                        ( Name
                                            { text = "print"
                                            , ext = Range
                                                { start = Pos
                                                    { line = 31
                                                    , column = 2
                                                    }
                                                , end = Pos
                                                    { line = 31
                                                    , column = 7
                                                    }
                                                }
                                            }
                                        )
                                        ( Range
                                            { start = Pos
                                                { line = 31
                                                , column = 2
                                                }
                                            , end = Pos
                                                { line = 31
                                                , column = 7
                                                }
                                            }
                                        )
                                    )
                                    ( Range
                                        { start = Pos
                                            { line = 31
                                            , column = 2
                                            }
                                        , end = Pos
                                            { line = 31
                                            , column = 7
                                            }
                                        }
                                    )
                                )
                                ( Lit
                                    ( LStr "c"
                                        ( Range
                                            { start = Pos
                                                { line = 31
                                                , column = 8
                                                }
                                            , end = Pos
                                                { line = 31
                                                , column = 11
                                                }
                                            }
                                        )
                                    ) NoExt :| []
                                )
                                ( Range
                                    { start = Pos
                                        { line = 31
                                        , column = 2
                                        }
                                    , end = Pos
                                        { line = 31
                                        , column = 11
                                        }
                                    }
                                )
                            )
                        )
                    )
                )
                ( Range
                    { start = Pos
                        { line = 29
                        , column = 2
                        }
                    , end = Pos
                        { line = 31
                        , column = 11
                        }
                    }
                )
            , declRet = Just
                ( TId
                    ( Path []
                        ( Name
                            { text = "Unit"
                            , ext = Range
                                { start = Pos
                                    { line = 28
                                    , column = 16
                                    }
                                , end = Pos
                                    { line = 28
                                    , column = 20
                                    }
                                }
                            }
                        )
                        ( Range
                            { start = Pos
                                { line = 28
                                , column = 16
                                }
                            , end = Pos
                                { line = 28
                                , column = 20
                                }
                            }
                        )
                    ) NoExt
                )
            , declExt = NoExt
            }
        ]
    , impDecls = []
    , programExt = NoExt
    }