✓ That
 └Program
   ├typeDecls: Empty List
   ├letDecls:
   │ └List
   │   └LetDecl
   │     ├declName: (Name "a" 0:4-0:5)
   │     ├declArgs: Empty List
   │     ├declBody: (Lit NoExt (LInt 0:29-0:30 2))
   │     ├declRet:
   │     │ └Just
   │     │   └TArrow
   │     │     ├TId NoExt (Path "Int")
   │     │     ├TArrow
   │     │     │ ├TPoly NoExt (Name "a" 0:15-0:16)
   │     │     │ ├TId NoExt (Path "String")
   │     │     │ └0:15-0:26
   │     │     └0:8-0:26
   │     └declExt: NoExt
   ├impDecls: Empty List
   └programExt: NoExt
