That Program
    { typeDecls = []
    , letDecls =
        [ LetDecl
            { declName = Name
                { text = "a"
                , ext = Range
                    { start = Pos
                        { line = 0
                        , column = 4
                        }
                    , end = Pos
                        { line = 0
                        , column = 5
                        }
                    }
                }
            , declArgs = []
            , declBody = Lit
                ( LInt 2
                    ( Range
                        { start = Pos
                            { line = 0
                            , column = 29
                            }
                        , end = Pos
                            { line = 0
                            , column = 30
                            }
                        }
                    )
                ) NoExt
            , declRet = Just
                ( TArrow
                    ( TId
                        ( Path []
                            ( Name
                                { text = "Int"
                                , ext = Range
                                    { start = Pos
                                        { line = 0
                                        , column = 8
                                        }
                                    , end = Pos
                                        { line = 0
                                        , column = 11
                                        }
                                    }
                                }
                            )
                            ( Range
                                { start = Pos
                                    { line = 0
                                    , column = 8
                                    }
                                , end = Pos
                                    { line = 0
                                    , column = 11
                                    }
                                }
                            )
                        ) NoExt
                    )
                    ( TArrow
                        ( TPoly
                            ( Name
                                { text = "a"
                                , ext = Range
                                    { start = Pos
                                        { line = 0
                                        , column = 15
                                        }
                                    , end = Pos
                                        { line = 0
                                        , column = 16
                                        }
                                    }
                                }
                            ) NoExt
                        )
                        ( TId
                            ( Path []
                                ( Name
                                    { text = "String"
                                    , ext = Range
                                        { start = Pos
                                            { line = 0
                                            , column = 20
                                            }
                                        , end = Pos
                                            { line = 0
                                            , column = 26
                                            }
                                        }
                                    }
                                )
                                ( Range
                                    { start = Pos
                                        { line = 0
                                        , column = 20
                                        }
                                    , end = Pos
                                        { line = 0
                                        , column = 26
                                        }
                                    }
                                )
                            ) NoExt
                        )
                        ( Range
                            { start = Pos
                                { line = 0
                                , column = 15
                                }
                            , end = Pos
                                { line = 0
                                , column = 26
                                }
                            }
                        )
                    )
                    ( Range
                        { start = Pos
                            { line = 0
                            , column = 8
                            }
                        , end = Pos
                            { line = 0
                            , column = 26
                            }
                        }
                    )
                )
            , declExt = NoExt
            }
        ]
    , impDecls = []
    , programExt = NoExt
    }