✓ That
 └Prod
   ├Program
   | ├typeDecls: Empty List
   | ├letDecls:
   | | └List
   | |   ├LetDecl
   | |   | ├declName: (Name: ValName add 0:4-0:7)
   | |   | ├declArgs:
   | |   | | └List
   | |   | |   ├Prod
   | |   | |   | ├Name: ValName a 0:9-0:10
   | |   | |   | └TId
   | |   | |   |   ├Full: "Prelude" 0:12-0:15
   | |   | |   |   | └Name: TyName Int 0:12-0:15
   | |   | |   |   └NoExt
   | |   | |   └Prod
   | |   | |     ├Name: ValName b 0:18-0:19
   | |   | |     └TId
   | |   | |       ├Full: "Prelude" 0:21-0:24
   | |   | |       | └Name: TyName Int 0:21-0:24
   | |   | |       └NoExt
   | |   | ├declBody: (Lit NoExt (LInt 0:33-0:34 3))
   | |   | ├declRet:
   | |   | | └TId
   | |   | |   ├Full: "Prelude" 0:27-0:30
   | |   | |   | └Name: TyName Int 0:27-0:30
   | |   | |   └NoExt
   | |   | └declExt: NoExt
   | |   └LetDecl
   | |     ├declName: (Name: ValName at 2:4-2:6)
   | |     ├declArgs:
   | |     | └List
   | |     |   └Prod
   | |     |     ├Name: ValName a 2:8-2:9
   | |     |     └TId
   | |     |       ├Full: "Prelude" 2:11-2:14
   | |     |       | └Name: TyName Int 2:11-2:14
   | |     |       └NoExt
   | |     ├declBody:
   | |     | └Block
   | |     |   ├BlVar
   | |     |   | ├Var
   | |     |   | | ├pat:
   | |     |   | | | └PId NoExt (Name: ValName a 3:6-3:7)
   | |     |   | | ├val: (Lit NoExt (LInt 3:10-3:11 3))
   | |     |   | | └ext: 3:2-3:11
   | |     |   | └BlEnd
   | |     |   |   └App
   | |     |   |     ├Lower
   | |     |   |     | ├Full: "Main" 4:2-4:5
   | |     |   |     | | └Name: ValName add 4:2-4:5
   | |     |   |     | └NoExt
   | |     |   |     ├NonEmpty
   | |     |   |     | ├Lower
   | |     |   |     | | ├Local:
   | |     |   |     | | | └Name: ValName a 4:6-4:7
   | |     |   |     | | └NoExt
   | |     |   |     | └Lower
   | |     |   |     |   ├Local:
   | |     |   |     |   | └Name: ValName a 4:8-4:9
   | |     |   |     |   └NoExt
   | |     |   |     └4:2-4:9
   | |     |   └3:2-4:9
   | |     ├declRet:
   | |     | └TId
   | |     |   ├Full: "Prelude" 2:17-2:20
   | |     |   | └Name: TyName Int 2:17-2:20
   | |     |   └NoExt
   | |     └declExt: NoExt
   | ├impDecls: Empty List
   | └programExt: NoExt
   └ResolverState
     ├_openedNames:
     | └HashMap
     |   ├Prod
     |   | ├Name: TyName Int 0:0-0:0
     |   | └Single
     |   |   └Qualified: Prelude 0:0-0:0
     |   |     └Name: TyName Int 0:0-0:0
     |   └Prod
     |     ├Name: TyName String 0:0-0:0
     |     └Single
     |       └Qualified: Prelude 0:0-0:0
     |         └Name: TyName String 0:0-0:0
     ├_openedModules: HashMap
     ├_localNames: HashMap
     ├_usedLocals: HashMap
     ├_currentNamespace:
     | └NameSpace
     |   ├_modName: (ModName: Main)
     |   └_names:
     |     └HashMap
     |       ├Prod
     |       | ├Name: ValName add 0:4-0:7
     |       | └Public
     |       └Prod
     |         ├Name: ValName at 2:4-2:6
     |         └Public
     └_newNamespaces: HashMap
