✓ That
 └Prod
   ├Program
   | ├typeDecls:
   | | └List
   | |   └TypeDecl
   | |     ├tyName: (Name: TyName A 0:5-0:6)
   | |     ├tyArgs: Empty List
   | |     └tyDecl:
   | |       └TypeSum
   | |         └NonEmpty
   | |           ├Prod
   | |           | ├Name: ConsName B 1:4-1:5
   | |           | └Empty List
   | |           └Prod
   | |             ├Name: ConsName C 2:4-2:5
   | |             └Empty List
   | ├letDecls: Empty List
   | ├impDecls: Empty List
   | └programExt: NoExt
   └ResolverState
     ├_openedNames:
     | └HashMap
     |   ├Prod
     |   | ├Name: TyName Int 0:0-0:0
     |   | └Single
     |   |   └Qualified: Prelude 0:0-0:0
     |   |     └Name: TyName Int 0:0-0:0
     |   ├Prod
     |   | ├Name: ConsName B 4:15-4:16
     |   | └Single
     |   |   └Qualified: Main.A 4:15-4:16
     |   |     └Name: ConsName B 4:15-4:16
     |   └Prod
     |     ├Name: TyName String 0:0-0:0
     |     └Single
     |       └Qualified: Prelude 0:0-0:0
     |         └Name: TyName String 0:0-0:0
     ├_openedModules:
     | └HashMap
     |   ├Prod
     |   | ├ModName: A
     |   | └NameSpace
     |   |   ├_modName: (ModName: Main.A)
     |   |   └_names:
     |   |     └HashMap
     |   |       ├Prod
     |   |       | ├Name: ConsName C 2:4-2:5
     |   |       | └Public
     |   |       └Prod
     |   |         ├Name: ConsName B 1:4-1:5
     |   |         └Public
     |   └Prod
     |     ├ModName: Main.A
     |     └NameSpace
     |       ├_modName: (ModName: Main.A)
     |       └_names:
     |         └HashMap
     |           ├Prod
     |           | ├Name: ConsName C 2:4-2:5
     |           | └Public
     |           └Prod
     |             ├Name: ConsName B 1:4-1:5
     |             └Public
     ├_localNames: HashMap
     ├_usedLocals: HashMap
     ├_currentNamespace:
     | └NameSpace
     |   ├_modName: (ModName: Main)
     |   └_names:
     |     └HashMap
     |       └Prod
     |         ├Name: TyName A 0:5-0:6
     |         └Public
     └_newNamespaces:
       └HashMap
         └Prod
           ├ModName: Main.A
           └NameSpace
             ├_modName: (ModName: Main.A)
             └_names:
               └HashMap
                 ├Prod
                 | ├Name: ConsName C 2:4-2:5
                 | └Public
                 └Prod
                   ├Name: ConsName B 1:4-1:5
                   └Public
