✓ That
 └Prod
   ├Program
   | ├typeDecls: Empty List
   | ├letDecls:
   | | └List
   | |   ├LetDecl
   | |   | ├declName: (Name: ValName print 2:4-2:9)
   | |   | ├declArgs: Empty List
   | |   | ├declBody: (Lit NoExt (LInt 2:17-2:19 42))
   | |   | ├declRet:
   | |   | | └TId
   | |   | |   ├Full: "Prelude" 2:11-2:14
   | |   | |   | └Name: TyName Int 2:11-2:14
   | |   | |   └NoExt
   | |   | └declExt: NoExt
   | |   ├LetDecl
   | |   | ├declName: (Name: ValName plus 3:4-3:8)
   | |   | ├declArgs: Empty List
   | |   | ├declBody: (Lit NoExt (LInt 3:17-3:19 42))
   | |   | ├declRet:
   | |   | | └TId
   | |   | |   ├Full: "Prelude" 3:10-3:13
   | |   | |   | └Name: TyName Int 3:10-3:13
   | |   | |   └NoExt
   | |   | └declExt: NoExt
   | |   └LetDecl
   | |     ├declName: (Name: ValName local 5:4-5:9)
   | |     ├declArgs:
   | |     | └List
   | |     |   └Prod
   | |     |     ├Name: ValName a 5:11-5:12
   | |     |     └TId
   | |     |       ├Full: "Prelude" 5:15-5:18
   | |     |       | └Name: TyName Int 5:15-5:18
   | |     |       └NoExt
   | |     ├declBody:
   | |     | └Block
   | |     |   ├BlVar
   | |     |   | ├Var
   | |     |   | | ├pat: (Name: ValName b 6:6-6:7)
   | |     |   | | ├val: (Lit NoExt (LInt 6:10-6:11 3))
   | |     |   | | └ext: 6:2-6:11
   | |     |   | └BlVar
   | |     |   |   ├Var
   | |     |   |   | ├pat: (Name: ValName c 7:6-7:7)
   | |     |   |   | ├val:
   | |     |   |   | | └App
   | |     |   |   | |   ├Lower
   | |     |   |   | |   | ├Full: "Main" 7:10-7:14
   | |     |   |   | |   | | └Name: ValName plus 7:10-7:14
   | |     |   |   | |   | └NoExt
   | |     |   |   | |   ├NonEmpty
   | |     |   |   | |   | ├Lower
   | |     |   |   | |   | | ├Local:
   | |     |   |   | |   | | | └Name: ValName a 5:11-5:12
   | |     |   |   | |   | | └NoExt
   | |     |   |   | |   | └Lower
   | |     |   |   | |   |   ├Local:
   | |     |   |   | |   |   | └Name: ValName b 6:6-6:7
   | |     |   |   | |   |   └NoExt
   | |     |   |   | |   └7:10-7:18
   | |     |   |   | └ext: 7:2-7:18
   | |     |   |   └BlEnd
   | |     |   |     └If
   | |     |   |       ├Lower
   | |     |   |       | ├Local:
   | |     |   |       | | └Name: ValName c 7:6-7:7
   | |     |   |       | └NoExt
   | |     |   |       ├Lower
   | |     |   |       | ├Local:
   | |     |   |       | | └Name: ValName b 6:6-6:7
   | |     |   |       | └NoExt
   | |     |   |       ├Just
   | |     |   |       | └Block
   | |     |   |       |   ├BlVar
   | |     |   |       |   | ├Var
   | |     |   |       |   | | ├pat: (Name: ValName d 10:13-10:14)
   | |     |   |       |   | | ├val: (Lit NoExt (LInt 10:17-10:18 3))
   | |     |   |       |   | | └ext: 10:9-10:18
   | |     |   |       |   | └BlEnd
   | |     |   |       |   |   └App
   | |     |   |       |   |     ├Lower
   | |     |   |       |   |     | ├Full: "Main" 11:9-11:13
   | |     |   |       |   |     | | └Name: ValName plus 11:9-11:13
   | |     |   |       |   |     | └NoExt
   | |     |   |       |   |     ├NonEmpty
   | |     |   |       |   |     | ├Lower
   | |     |   |       |   |     | | ├Local:
   | |     |   |       |   |     | | | └Name: ValName d 10:13-10:14
   | |     |   |       |   |     | | └NoExt
   | |     |   |       |   |     | └Lit NoExt (LInt 11:16-11:17 4)
   | |     |   |       |   |     └11:9-11:17
   | |     |   |       |   └10:9-11:17
   | |     |   |       └8:2-11:17
   | |     |   └6:2-11:17
   | |     ├declRet:
   | |     | └TId
   | |     |   ├Full: "Prelude" 5:21-5:24
   | |     |   | └Name: TyName Int 5:21-5:24
   | |     |   └NoExt
   | |     └declExt: NoExt
   | ├impDecls: Empty List
   | └programExt: NoExt
   └ResolverState
     ├_openedNames:
     | └HashMap
     |   ├Prod
     |   | ├Name: TyName Int 0:0-0:0
     |   | └Single
     |   |   └Qualified: Prelude 0:0-0:0
     |   |     └Name: TyName Int 0:0-0:0
     |   └Prod
     |     ├Name: TyName String 0:0-0:0
     |     └Single
     |       └Qualified: Prelude 0:0-0:0
     |         └Name: TyName String 0:0-0:0
     ├_openedModules: HashMap
     ├_localNames: HashMap
     ├_usedLocals: HashMap
     ├_currentNamespace:
     | └NameSpace
     |   ├_modName: (ModName: Main)
     |   └_names:
     |     └HashMap
     |       ├Prod
     |       | ├Name: ValName plus 3:4-3:8
     |       | └Public
     |       ├Prod
     |       | ├Name: ValName print 2:4-2:9
     |       | └Public
     |       └Prod
     |         ├Name: ValName local 5:4-5:9
     |         └Public
     └_newNamespaces: HashMap
