✓ That
 └Prod
   ├Program
   | ├typeDecls:
   | | └List
   | |   └TypeDecl
   | |     ├tyName: (Name: TyName Ata 0:5-0:8)
   | |     ├tyArgs: Empty List
   | |     └tyDecl:
   | |       └TypeProd
   | |         └List
   | |           ├Prod
   | |           | ├Name: ValName b 1:2-1:3
   | |           | └TId
   | |           |   ├Full: "Prelude" 1:5-1:8
   | |           |   | └Name: TyName Int 1:5-1:8
   | |           |   └NoExt
   | |           └Prod
   | |             ├Name: ValName s 2:2-2:3
   | |             └TId
   | |               ├Full: "Prelude" 2:5-2:11
   | |               | └Name: TyName String 2:5-2:11
   | |               └NoExt
   | ├letDecls: Empty List
   | ├impDecls: Empty List
   | └programExt: NoExt
   └ResolverState
     ├_openedNames:
     | └HashMap
     |   ├Prod
     |   | ├Name: TyName Int 0:0-0:0
     |   | └Single
     |   |   └Qualified: Prelude 0:0-0:0
     |   |     └Name: TyName Int 0:0-0:0
     |   └Prod
     |     ├Name: TyName String 0:0-0:0
     |     └Single
     |       └Qualified: Prelude 0:0-0:0
     |         └Name: TyName String 0:0-0:0
     ├_openedModules:
     | └HashMap
     |   ├Prod
     |   | ├ModName: Main.Ata
     |   | └NameSpace
     |   |   ├_modName: (ModName: Main.Ata)
     |   |   └_names:
     |   |     └HashMap
     |   |       ├Prod
     |   |       | ├Name: ValName s 2:2-2:3
     |   |       | └Public
     |   |       └Prod
     |   |         ├Name: ValName b 1:2-1:3
     |   |         └Public
     |   └Prod
     |     ├ModName: Ata
     |     └NameSpace
     |       ├_modName: (ModName: Main.Ata)
     |       └_names:
     |         └HashMap
     |           ├Prod
     |           | ├Name: ValName s 2:2-2:3
     |           | └Public
     |           └Prod
     |             ├Name: ValName b 1:2-1:3
     |             └Public
     ├_localNames: HashMap
     ├_usedLocals: HashMap
     ├_currentNamespace:
     | └NameSpace
     |   ├_modName: (ModName: Main)
     |   └_names:
     |     └HashMap
     |       └Prod
     |         ├Name: TyName Ata 0:5-0:8
     |         └Public
     └_newNamespaces:
       └HashMap
         └Prod
           ├ModName: Main.Ata
           └NameSpace
             ├_modName: (ModName: Main.Ata)
             └_names:
               └HashMap
                 ├Prod
                 | ├Name: ValName s 2:2-2:3
                 | └Public
                 └Prod
                   ├Name: ValName b 1:2-1:3
                   └Public
