✓ That
 └Prod
   ├Program
   | ├typeDecls: Empty List
   | ├letDecls:
   | | └List
   | |   └LetDecl
   | |     ├declName: (ReId a 0:4-0:5)
   | |     ├declArgs: Empty List
   | |     ├declBody: (Lit NoExt (LInt 0:13-0:14 2))
   | |     ├declRet:
   | |     | └TId NoExt (Path "Prelude.Int" 0:7-0:10)
   | |     └declExt: NoExt
   | ├impDecls: Empty List
   | └programExt: NoExt
   └LocalNS
     ├_openedNames:
     | └HashMap
     |   ├Prod
     |   | ├OccName TyName Int
     |   | └Single (Qualified Prelude Int)
     |   └Prod
     |     ├OccName TyName String
     |     └Single (Qualified Prelude String)
     ├_localNames: (NonEmpty HashMap)
     ├_openedModules: HashMap
     ├_currentNamespace:
     | └NameSpace
     |   ├_modName: Main
     |   └_names:
     |     └HashMap
     |       └Prod
     |         ├OccName VarName a
     |         └Public
     └_newNamespaces: HashMap
