✓ That
 └Prod
   ├Program
   | ├typeDecls: Empty List
   | ├letDecls:
   | | └List
   | |   └LetDecl
   | |     ├declName: (Name: ValName a 0:4-0:5)
   | |     ├declArgs: Empty List
   | |     ├declBody: (Lit NoExt (LInt 0:13-0:14 2))
   | |     ├declRet:
   | |     | └TId
   | |     |   ├Full: "Prelude" 0:7-0:10
   | |     |   | └Name: TyName Int 0:7-0:10
   | |     |   └NoExt
   | |     └declExt: NoExt
   | ├impDecls: Empty List
   | └programExt: NoExt
   └ResolverState
     ├_openedNames:
     | └HashMap
     |   ├Prod
     |   | ├Name: TyName Int 0:0-0:0
     |   | └Single
     |   |   └Qualified: Prelude 0:0-0:0
     |   |     └Name: TyName Int 0:0-0:0
     |   └Prod
     |     ├Name: TyName String 0:0-0:0
     |     └Single
     |       └Qualified: Prelude 0:0-0:0
     |         └Name: TyName String 0:0-0:0
     ├_openedModules: HashMap
     ├_localNames: HashMap
     ├_usedLocals: HashMap
     ├_currentNamespace:
     | └NameSpace
     |   ├_modName: (ModName: Main)
     |   └_names:
     |     └HashMap
     |       └Prod
     |         ├Name: ValName a 0:4-0:5
     |         └Public
     └_newNamespaces: HashMap
