• These
{"code":1,"place":"1:1-1:2","title":"Unexpected token"}
{"code":1,"place":"1:6-1:7","title":"Unexpected token"}

 └List
   ├Ranged: 0:0-0:3 TcLet
   ├Ranged: 0:4-0:5 (TcLowerId a)
   ├Ranged: 0:6-0:7 TcEqual
   ├Ranged: 1:1-1:1 TcBegin
   ├Ranged: 1:2-1:6 (TcLowerId wot_)
   ├Ranged: 1:7-1:10 (TcLowerId bro)
   ├Ranged: 2:1-2:1 TcSep
   ├Ranged: 2:1-2:2 (TcInt 3)
   ├Ranged: 2:2-2:2 TcEnd
   └Ranged: 2:2-2:2 TcEOF
